<html>
<body>
<pre>
<h1>µVision Build Log</h1>
<h2>Tool Versions:</h2>
IDE-Version: µVision V5.29.0.0
Copyright (C) 2019 ARM Ltd and ARM Germany GmbH. All rights reserved.
License Information: Dnyaneshwar Galdhar, MSIS, LIC=----
 
Tool Versions:
Toolchain:       MDK-Lite  Version: 5.29.0.0
Toolchain Path:  C:\Keil_v5\ARM\ARMCC\Bin
C Compiler:      Armcc.exe V5.06 update 6 (build 750)
Assembler:       Armasm.exe V5.06 update 6 (build 750)
Linker/Locator:  ArmLink.exe V5.06 update 6 (build 750)
Library Manager: ArmAr.exe V5.06 update 6 (build 750)
Hex Converter:   FromElf.exe V5.06 update 6 (build 750)
CPU DLL:         SARM.DLL V5.29.0.0
Dialog DLL:      DARMP.DLL V1.53.0.0
Target DLL:      UL2ARM.DLL V1.74.10.0
Dialog DLL:      TARMP.DLL V1.53.0.0
 
<h2>Project:</h2>
E:\MSIS\SEM 1\MCA\Lab Assignments\MCA Lab test\Q 2\Keil\Seven Seg.uvproj
Project File Date:  12/30/2021

<h2>Output:</h2>
*** Using Compiler 'V5.06 update 6 (build 750)', folder: 'C:\Keil_v5\ARM\ARMCC\Bin'
Build target 'Target 1'
compiling Seven Seg.c...
Seven Seg.c(8): warning:  #1295-D: Deprecated declaration pll - give arg types
  void pll();
Seven Seg.c(39): warning:  #111-D: statement is unreachable
  	return 0;
Seven Seg.c(68): warning:  #1-D: last line of file ends without a newline
  }
Seven Seg.c: 3 warnings, 0 errors
linking...
Program Size: Code=996 RO-data=32 RW-data=80 ZI-data=1256  
FromELF: creating hex file...
".\Objects\Seven Seg.axf" - 0 Error(s), 3 Warning(s).
Build Time Elapsed:  00:00:01
</pre>
</body>
</html>
